******************************************************************************
                  TI ARM Linker Unix v16.9.6                   
******************************************************************************
>> Linked Wed Jan 24 02:40:43 2018

OUTPUT FILE NAME:   <Lab 3.out>
ENTRY POINT SYMBOL: "_c_int00"  address: 00000a35


MEMORY CONFIGURATION

         name            origin    length      used     unused   attr    fill
----------------------  --------  ---------  --------  --------  ----  --------
  FLASH                 00000000   00040000  00000c3e  0003f3c2  R  X
  SRAM                  20000000   00008000  0000021c  00007de4  RW X


SEGMENT ALLOCATION MAP

run origin  load origin   length   init length attrs members
----------  ----------- ---------- ----------- ----- -------
00000000    00000000    00000c44   00000c44    r-x
  00000000    00000000    0000026c   0000026c    r-- .intvecs
  0000026c    0000026c    00000942   00000942    r-x .text
  00000bb0    00000bb0    0000006c   0000006c    r-- .const
  00000c20    00000c20    00000024   00000024    r-- .cinit
20000000    20000000    0000021c   00000000    rw-
  20000000    20000000    00000200   00000000    rw- .stack
  20000200    20000200    0000001c   00000000    rw- .data


SECTION ALLOCATION MAP

 output                                  attributes/
section   page    origin      length       input sections
--------  ----  ----------  ----------   ----------------
.intvecs   0    00000000    0000026c     
                  00000000    0000026c     tm4c123gh6pm_startup_ccs.obj (.intvecs)

.text      0    0000026c    00000942     
                  0000026c    00000544     main.obj (.text)
                  000007b0    00000110     driverlib.lib : sysctl.obj (.text:SysCtlClockGet)
                  000008c0    0000009c     rtsv7M4_T_le_v4SPD16_eabi.lib : memcpy_t2.obj (.text)
                  0000095c    00000070                                   : autoinit.obj (.text)
                  000009cc    00000068                                   : copy_decompress_lzss.obj (.text:decompress:lzss)
                  00000a34    00000054                                   : boot.obj (.text)
                  00000a88    00000054                                   : exit.obj (.text)
                  00000adc    0000004c                                   : cpy_tbl.obj (.text)
                  00000b28    00000022     driverlib.lib : pwm.obj (.text:PWMGenConfigure)
                  00000b4a    00000002     rtsv7M4_T_le_v4SPD16_eabi.lib : mpu_init.obj (.text)
                  00000b4c    00000018                                   : args_main.obj (.text)
                  00000b64    00000014                                   : _lock.obj (.text)
                  00000b78    00000010     driverlib.lib : pwm.obj (.text:PWMGenPeriodSet)
                  00000b88    0000000e     rtsv7M4_T_le_v4SPD16_eabi.lib : copy_decompress_none.obj (.text:decompress:none)
                  00000b96    0000000c     tm4c123gh6pm_startup_ccs.obj (.text)
                  00000ba2    00000006     driverlib.lib : sysctl.obj (.text:SysCtlDelay)
                  00000ba8    00000004     rtsv7M4_T_le_v4SPD16_eabi.lib : pre_init.obj (.text)
                  00000bac    00000002                                   : startup.obj (.text)

.const     0    00000bb0    0000006c     
                  00000bb0    0000006c     driverlib.lib : sysctl.obj (.const:g_pui32Xtals)

.cinit     0    00000c20    00000024     
                  00000c20    00000013     (.cinit..data.load) [load image, compression = lzss]
                  00000c33    00000001     --HOLE-- [fill = 0]
                  00000c34    00000008     (__TI_handler_table)
                  00000c3c    00000008     (__TI_cinit_table)

.init_array 
*          0    00000000    00000000     UNINITIALIZED

.data      0    20000200    0000001c     UNINITIALIZED
                  20000200    0000000c     rtsv7M4_T_le_v4SPD16_eabi.lib : exit.obj (.data:$O1$$)
                  2000020c    00000008                                   : _lock.obj (.data:$O1$$)
                  20000214    00000004     main.obj (.data)
                  20000218    00000004     rtsv7M4_T_le_v4SPD16_eabi.lib : stkdepth_vars.obj (.data)

.stack     0    20000000    00000200     UNINITIALIZED
                  20000000    00000200     --HOLE--

MODULE SUMMARY

       Module                         code   ro data   rw data
       ------                         ----   -------   -------
    ./
       main.obj                       1348   0         4      
       tm4c123gh6pm_startup_ccs.obj   12     620       0      
    +--+------------------------------+------+---------+---------+
       Total:                         1360   620       4      
                                                              
    /home/shinjan/ti/TivaWare_C_Series-2.1.2.111/driverlib/ccs/Debug/driverlib.lib
       sysctl.obj                     278    108       0      
       pwm.obj                        50     0         0      
    +--+------------------------------+------+---------+---------+
       Total:                         328    108       0      
                                                              
    /home/shinjan/ti/ccsv7/tools/compiler/ti-cgt-arm_16.9.6.LTS/lib/rtsv7M4_T_le_v4SPD16_eabi.lib
       memcpy_t2.obj                  156    0         0      
       autoinit.obj                   112    0         0      
       copy_decompress_lzss.obj       104    0         0      
       exit.obj                       84     0         12     
       boot.obj                       84     0         0      
       cpy_tbl.obj                    76     0         0      
       _lock.obj                      20     0         8      
       args_main.obj                  24     0         0      
       copy_decompress_none.obj       14     0         0      
       pre_init.obj                   4      0         0      
       stkdepth_vars.obj              0      0         4      
       mpu_init.obj                   2      0         0      
       startup.obj                    2      0         0      
    +--+------------------------------+------+---------+---------+
       Total:                         682    0         24     
                                                              
       Stack:                         0      0         512    
       Linker Generated:              0      35        0      
    +--+------------------------------+------+---------+---------+
       Grand Total:                   2370   763       540    


LINKER GENERATED COPY TABLES

__TI_cinit_table @ 00000c3c records: 1, size/record: 8, table size: 8
	.data: load addr=00000c20, load size=00000013 bytes, run addr=20000200, run size=0000001c bytes, compression=lzss


LINKER GENERATED HANDLER TABLE

__TI_handler_table @ 00000c34 records: 2, size/record: 4, table size: 8
	index: 0, handler: __TI_decompress_lzss
	index: 1, handler: __TI_decompress_none


GLOBAL SYMBOLS: SORTED ALPHABETICALLY BY Name 

address   name                           
-------   ----                           
00000a89  C$$EXIT                        
00000b29  PWMGenConfigure                
00000b79  PWMGenPeriodSet                
00000b97  ResetISR                       
UNDEFED   SHT$$INIT_ARRAY$$Base          
UNDEFED   SHT$$INIT_ARRAY$$Limit         
000007b1  SysCtlClockGet                 
00000ba3  SysCtlDelay                    
20000200  __STACK_END                    
00000200  __STACK_SIZE                   
20000200  __STACK_TOP                    
00000c3c  __TI_CINIT_Base                
00000c44  __TI_CINIT_Limit               
00000c34  __TI_Handler_Table_Base        
00000c3c  __TI_Handler_Table_Limit       
0000095d  __TI_auto_init                 
20000200  __TI_cleanup_ptr               
000009cd  __TI_decompress_lzss           
00000b89  __TI_decompress_none           
20000204  __TI_dtors_ptr                 
20000208  __TI_enable_exit_profile_output
ffffffff  __TI_pprof_out_hndl            
ffffffff  __TI_prof_data_size            
ffffffff  __TI_prof_data_start           
00000000  __TI_static_base__             
000008c1  __aeabi_memcpy                 
000008c1  __aeabi_memcpy4                
000008c1  __aeabi_memcpy8                
ffffffff  __binit__                      
ffffffff  __c_args__                     
00000b4b  __mpu_init                     
20000000  __stack                        
00000b4d  _args_main                     
00000a35  _c_int00                       
2000020c  _lock                          
00000b73  _nop                           
00000b6b  _register_lock                 
00000b65  _register_unlock               
00000bad  _system_post_cinit             
00000ba9  _system_pre_init               
20000210  _unlock                        
00000a8d  abort                          
ffffffff  binit                          
00000add  copy_in                        
00000a95  exit                           
00000000  g_pfnVectors                   
20000214  i                              
00000411  main                           
20000218  main_func_sp                   
000008c1  memcpy                         
0000026d  part2                          


GLOBAL SYMBOLS: SORTED BY Symbol Address 

address   name                           
-------   ----                           
00000000  __TI_static_base__             
00000000  g_pfnVectors                   
00000200  __STACK_SIZE                   
0000026d  part2                          
00000411  main                           
000007b1  SysCtlClockGet                 
000008c1  __aeabi_memcpy                 
000008c1  __aeabi_memcpy4                
000008c1  __aeabi_memcpy8                
000008c1  memcpy                         
0000095d  __TI_auto_init                 
000009cd  __TI_decompress_lzss           
00000a35  _c_int00                       
00000a89  C$$EXIT                        
00000a8d  abort                          
00000a95  exit                           
00000add  copy_in                        
00000b29  PWMGenConfigure                
00000b4b  __mpu_init                     
00000b4d  _args_main                     
00000b65  _register_unlock               
00000b6b  _register_lock                 
00000b73  _nop                           
00000b79  PWMGenPeriodSet                
00000b89  __TI_decompress_none           
00000b97  ResetISR                       
00000ba3  SysCtlDelay                    
00000ba9  _system_pre_init               
00000bad  _system_post_cinit             
00000c34  __TI_Handler_Table_Base        
00000c3c  __TI_CINIT_Base                
00000c3c  __TI_Handler_Table_Limit       
00000c44  __TI_CINIT_Limit               
20000000  __stack                        
20000200  __STACK_END                    
20000200  __STACK_TOP                    
20000200  __TI_cleanup_ptr               
20000204  __TI_dtors_ptr                 
20000208  __TI_enable_exit_profile_output
2000020c  _lock                          
20000210  _unlock                        
20000214  i                              
20000218  main_func_sp                   
ffffffff  __TI_pprof_out_hndl            
ffffffff  __TI_prof_data_size            
ffffffff  __TI_prof_data_start           
ffffffff  __binit__                      
ffffffff  __c_args__                     
ffffffff  binit                          
UNDEFED   SHT$$INIT_ARRAY$$Base          
UNDEFED   SHT$$INIT_ARRAY$$Limit         

[51 symbols]
