******************************************************************************
                  TI ARM Linker Unix v16.9.6                   
******************************************************************************
>> Linked Sat Feb  3 22:20:38 2018

OUTPUT FILE NAME:   <Lab 5.out>
ENTRY POINT SYMBOL: "_c_int00"  address: 00000c2d


MEMORY CONFIGURATION

         name            origin    length      used     unused   attr    fill
----------------------  --------  ---------  --------  --------  ----  --------
  FLASH                 00000000   00040000  00001b40  0003e4c0  R  X
  SRAM                  20000000   00008000  00002238  00005dc8  RW X


SEGMENT ALLOCATION MAP

run origin  load origin   length   init length attrs members
----------  ----------- ---------- ----------- ----- -------
00000000    00000000    00001b40   00001b40    r-x
  00000000    00000000    0000026c   0000026c    r-- .intvecs
  0000026c    0000026c    00000c5c   00000c5c    r-x .text
  00000ec8    00000ec8    00000400   00000400    r-- .const
  000012c8    000012c8    00000878   00000878    r-- .cinit
20000000    20000000    00002238   00000000    rw-
  20000000    20000000    00002020   00000000    rw- .data
  20002020    20002020    00000200   00000000    rw- .stack
  20002220    20002220    00000018   00000000    rw- .bss


SECTION ALLOCATION MAP

 output                                  attributes/
section   page    origin      length       input sections
--------  ----  ----------  ----------   ----------------
.intvecs   0    00000000    0000026c     
                  00000000    0000026c     tm4c123gh6pm_startup_ccs.obj (.intvecs)

.text      0    0000026c    00000c5c     
                  0000026c    00000530     main.obj (.text)
                  0000079c    00000132     driverlib.lib : gpio.obj (.text:GPIOPadConfigSet)
                  000008ce    00000002     rtsv7M4_T_le_v4SPD16_eabi.lib : mpu_init.obj (.text)
                  000008d0    000000f4     driverlib.lib : sysctl.obj (.text:SysCtlClockSet)
                  000009c4    0000009c     rtsv7M4_T_le_v4SPD16_eabi.lib : memcpy_t2.obj (.text)
                  00000a60    0000007a     driverlib.lib : adc.obj (.text:ADCSequenceStepConfigure)
                  00000ada    0000007a     rtsv7M4_T_le_v4SPD16_eabi.lib : memset_t2.obj (.text)
                  00000b54    00000070                                   : autoinit.obj (.text)
                  00000bc4    00000068                                   : copy_decompress_lzss.obj (.text:decompress:lzss)
                  00000c2c    00000054                                   : boot.obj (.text)
                  00000c80    00000054                                   : exit.obj (.text)
                  00000cd4    0000004c                                   : cpy_tbl.obj (.text)
                  00000d20    0000003e     driverlib.lib : adc.obj (.text:ADCSequenceConfigure)
                  00000d5e    00000002     rtsv7M4_T_le_v4SPD16_eabi.lib : startup.obj (.text)
                  00000d60    00000034     driverlib.lib : sysctl.obj (.text:SysCtlPeripheralEnable)
                  00000d94    0000002e                   : adc.obj (.text:ADCIntStatus)
                  00000dc2    0000002a                   : gpio.obj (.text:GPIODirModeSet)
                  00000dec    0000001e                   : adc.obj (.text:ADCSequenceDataGet)
                  00000e0a    00000018                   : adc.obj (.text:ADCProcessorTrigger)
                  00000e22    00000018                   : gpio.obj (.text:GPIOPinTypeGPIOOutput)
                  00000e3a    00000002     --HOLE-- [fill = 0]
                  00000e3c    00000018     rtsv7M4_T_le_v4SPD16_eabi.lib : args_main.obj (.text)
                  00000e54    00000014                                   : _lock.obj (.text)
                  00000e68    00000012     driverlib.lib : gpio.obj (.text:GPIOPinTypeADC)
                  00000e7a    0000000e                   : adc.obj (.text:ADCSequenceEnable)
                  00000e88    0000000e     rtsv7M4_T_le_v4SPD16_eabi.lib : copy_decompress_none.obj (.text:decompress:none)
                  00000e96    0000000c                                   : copy_zero_init.obj (.text:decompress:ZI)
                  00000ea2    0000000c     tm4c123gh6pm_startup_ccs.obj (.text)
                  00000eae    0000000a     driverlib.lib : adc.obj (.text:ADCIntClear)
                  00000eb8    00000006                   : gpio.obj (.text:GPIOPinWrite)
                  00000ebe    00000006                   : sysctl.obj (.text:SysCtlDelay)
                  00000ec4    00000004     rtsv7M4_T_le_v4SPD16_eabi.lib : pre_init.obj (.text)

.const     0    00000ec8    00000400     
                  00000ec8    00000400     mickey.obj (.const:.string:mickey)

.cinit     0    000012c8    00000878     
                  000012c8    00000852     (.cinit..data.load) [load image, compression = lzss]
                  00001b1a    00000002     --HOLE-- [fill = 0]
                  00001b1c    0000000c     (__TI_handler_table)
                  00001b28    00000008     (.cinit..bss.load) [load image, compression = zero_init]
                  00001b30    00000010     (__TI_cinit_table)

.init_array 
*          0    00000000    00000000     UNINITIALIZED

.data      0    20000000    00002020     UNINITIALIZED
                  20000000    00000400     main.obj (.data:eight)
                  20000400    00000400     main.obj (.data:five)
                  20000800    00000400     main.obj (.data:four)
                  20000c00    00000400     main.obj (.data:one)
                  20001000    00000400     main.obj (.data:seven)
                  20001400    00000400     main.obj (.data:six)
                  20001800    00000400     main.obj (.data:three)
                  20001c00    00000400     main.obj (.data:two)
                  20002000    0000000c     rtsv7M4_T_le_v4SPD16_eabi.lib : exit.obj (.data:$O1$$)
                  2000200c    00000008                                   : _lock.obj (.data:$O1$$)
                  20002014    00000008     main.obj (.data)
                  2000201c    00000004     rtsv7M4_T_le_v4SPD16_eabi.lib : stkdepth_vars.obj (.data)

.bss       0    20002220    00000018     UNINITIALIZED
                  20002220    00000010     (.common:ui32ADC0Value)
                  20002230    00000008     (.common:ui32JoyStickValue)

.stack     0    20002020    00000200     UNINITIALIZED
                  20002020    00000200     --HOLE--

MODULE SUMMARY

       Module                         code   ro data   rw data
       ------                         ----   -------   -------
    ./
       main.obj                       1328   0         8224   
       mickey.obj                     0      1024      0      
       tm4c123gh6pm_startup_ccs.obj   12     620       0      
    +--+------------------------------+------+---------+---------+
       Total:                         1340   1644      8224   
                                                              
    /home/shinjan/ti/TivaWare_C_Series-2.1.2.111/driverlib/ccs/Debug/driverlib.lib
       gpio.obj                       396    0         0      
       adc.obj                        308    0         0      
       sysctl.obj                     302    0         0      
    +--+------------------------------+------+---------+---------+
       Total:                         1006   0         0      
                                                              
    /home/shinjan/ti/ccsv7/tools/compiler/ti-cgt-arm_16.9.6.LTS/lib/rtsv7M4_T_le_v4SPD16_eabi.lib
       memcpy_t2.obj                  156    0         0      
       memset_t2.obj                  122    0         0      
       autoinit.obj                   112    0         0      
       copy_decompress_lzss.obj       104    0         0      
       exit.obj                       84     0         12     
       boot.obj                       84     0         0      
       cpy_tbl.obj                    76     0         0      
       _lock.obj                      20     0         8      
       args_main.obj                  24     0         0      
       copy_decompress_none.obj       14     0         0      
       copy_zero_init.obj             12     0         0      
       pre_init.obj                   4      0         0      
       stkdepth_vars.obj              0      0         4      
       mpu_init.obj                   2      0         0      
       startup.obj                    2      0         0      
    +--+------------------------------+------+---------+---------+
       Total:                         816    0         24     
                                                              
       Stack:                         0      0         512    
       Linker Generated:              0      2166      0      
    +--+------------------------------+------+---------+---------+
       Grand Total:                   3162   3810      8760   


LINKER GENERATED COPY TABLES

__TI_cinit_table @ 00001b30 records: 2, size/record: 8, table size: 16
	.data: load addr=000012c8, load size=00000852 bytes, run addr=20000000, run size=00002020 bytes, compression=lzss
	.bss: load addr=00001b28, load size=00000008 bytes, run addr=20002220, run size=00000018 bytes, compression=zero_init


LINKER GENERATED HANDLER TABLE

__TI_handler_table @ 00001b1c records: 3, size/record: 4, table size: 12
	index: 0, handler: __TI_decompress_lzss
	index: 1, handler: __TI_decompress_none
	index: 2, handler: __TI_zero_init


GLOBAL SYMBOLS: SORTED ALPHABETICALLY BY Name 

address   name                           
-------   ----                           
00000eaf  ADCIntClear                    
00000d95  ADCIntStatus                   
00000e0b  ADCProcessorTrigger            
00000d21  ADCSequenceConfigure           
00000ded  ADCSequenceDataGet             
00000e7b  ADCSequenceEnable              
00000a61  ADCSequenceStepConfigure       
00000c81  C$$EXIT                        
00000dc3  GPIODirModeSet                 
0000079d  GPIOPadConfigSet               
00000e69  GPIOPinTypeADC                 
00000e23  GPIOPinTypeGPIOOutput          
00000eb9  GPIOPinWrite                   
00000ea3  ResetISR                       
UNDEFED   SHT$$INIT_ARRAY$$Base          
UNDEFED   SHT$$INIT_ARRAY$$Limit         
000008d1  SysCtlClockSet                 
00000ebf  SysCtlDelay                    
00000d61  SysCtlPeripheralEnable         
20002220  __STACK_END                    
00000200  __STACK_SIZE                   
20002220  __STACK_TOP                    
00001b30  __TI_CINIT_Base                
00001b40  __TI_CINIT_Limit               
00001b1c  __TI_Handler_Table_Base        
00001b28  __TI_Handler_Table_Limit       
00000b55  __TI_auto_init                 
20002000  __TI_cleanup_ptr               
00000bc5  __TI_decompress_lzss           
00000e89  __TI_decompress_none           
20002004  __TI_dtors_ptr                 
20002008  __TI_enable_exit_profile_output
ffffffff  __TI_pprof_out_hndl            
ffffffff  __TI_prof_data_size            
ffffffff  __TI_prof_data_start           
00000000  __TI_static_base__             
00000e97  __TI_zero_init                 
00000adb  __aeabi_memclr                 
00000adb  __aeabi_memclr4                
00000adb  __aeabi_memclr8                
000009c5  __aeabi_memcpy                 
000009c5  __aeabi_memcpy4                
000009c5  __aeabi_memcpy8                
00000add  __aeabi_memset                 
00000add  __aeabi_memset4                
00000add  __aeabi_memset8                
ffffffff  __binit__                      
ffffffff  __c_args__                     
000008cf  __mpu_init                     
20002020  __stack                        
00000e3d  _args_main                     
00000c2d  _c_int00                       
2000200c  _lock                          
00000e63  _nop                           
00000e5b  _register_lock                 
00000e55  _register_unlock               
00000d5f  _system_post_cinit             
00000ec5  _system_pre_init               
20002010  _unlock                        
00000c85  abort                          
ffffffff  binit                          
00000cd5  copy_in                        
000004e1  display_box                    
00000481  display_image                  
20000000  eight                          
00000c8d  exit                           
20000400  five                           
20000800  four                           
00000000  g_pfnVectors                   
00000427  glcd_cleardisplay              
0000026d  glcd_cmd                       
000002c7  glcd_data                      
00000321  glcd_init                      
000003d5  glcd_setcolumn                 
00000391  glcd_setpage                   
00000717  main                           
2000201c  main_func_sp                   
000009c5  memcpy                         
00000ae3  memset                         
00000ec8  mickey                         
20000c00  one                            
0000063b  part1                          
00000651  part2                          
000006df  part3                          
0000056d  pin_config                     
20002014  prev_x                         
20002018  prev_y                         
20001000  seven                          
20001400  six                            
20001800  three                          
20001c00  two                            
20002220  ui32ADC0Value                  
20002230  ui32JoyStickValue              


GLOBAL SYMBOLS: SORTED BY Symbol Address 

address   name                           
-------   ----                           
00000000  __TI_static_base__             
00000000  g_pfnVectors                   
00000200  __STACK_SIZE                   
0000026d  glcd_cmd                       
000002c7  glcd_data                      
00000321  glcd_init                      
00000391  glcd_setpage                   
000003d5  glcd_setcolumn                 
00000427  glcd_cleardisplay              
00000481  display_image                  
000004e1  display_box                    
0000056d  pin_config                     
0000063b  part1                          
00000651  part2                          
000006df  part3                          
00000717  main                           
0000079d  GPIOPadConfigSet               
000008cf  __mpu_init                     
000008d1  SysCtlClockSet                 
000009c5  __aeabi_memcpy                 
000009c5  __aeabi_memcpy4                
000009c5  __aeabi_memcpy8                
000009c5  memcpy                         
00000a61  ADCSequenceStepConfigure       
00000adb  __aeabi_memclr                 
00000adb  __aeabi_memclr4                
00000adb  __aeabi_memclr8                
00000add  __aeabi_memset                 
00000add  __aeabi_memset4                
00000add  __aeabi_memset8                
00000ae3  memset                         
00000b55  __TI_auto_init                 
00000bc5  __TI_decompress_lzss           
00000c2d  _c_int00                       
00000c81  C$$EXIT                        
00000c85  abort                          
00000c8d  exit                           
00000cd5  copy_in                        
00000d21  ADCSequenceConfigure           
00000d5f  _system_post_cinit             
00000d61  SysCtlPeripheralEnable         
00000d95  ADCIntStatus                   
00000dc3  GPIODirModeSet                 
00000ded  ADCSequenceDataGet             
00000e0b  ADCProcessorTrigger            
00000e23  GPIOPinTypeGPIOOutput          
00000e3d  _args_main                     
00000e55  _register_unlock               
00000e5b  _register_lock                 
00000e63  _nop                           
00000e69  GPIOPinTypeADC                 
00000e7b  ADCSequenceEnable              
00000e89  __TI_decompress_none           
00000e97  __TI_zero_init                 
00000ea3  ResetISR                       
00000eaf  ADCIntClear                    
00000eb9  GPIOPinWrite                   
00000ebf  SysCtlDelay                    
00000ec5  _system_pre_init               
00000ec8  mickey                         
00001b1c  __TI_Handler_Table_Base        
00001b28  __TI_Handler_Table_Limit       
00001b30  __TI_CINIT_Base                
00001b40  __TI_CINIT_Limit               
20000000  eight                          
20000400  five                           
20000800  four                           
20000c00  one                            
20001000  seven                          
20001400  six                            
20001800  three                          
20001c00  two                            
20002000  __TI_cleanup_ptr               
20002004  __TI_dtors_ptr                 
20002008  __TI_enable_exit_profile_output
2000200c  _lock                          
20002010  _unlock                        
20002014  prev_x                         
20002018  prev_y                         
2000201c  main_func_sp                   
20002020  __stack                        
20002220  __STACK_END                    
20002220  __STACK_TOP                    
20002220  ui32ADC0Value                  
20002230  ui32JoyStickValue              
ffffffff  __TI_pprof_out_hndl            
ffffffff  __TI_prof_data_size            
ffffffff  __TI_prof_data_start           
ffffffff  __binit__                      
ffffffff  __c_args__                     
ffffffff  binit                          
UNDEFED   SHT$$INIT_ARRAY$$Base          
UNDEFED   SHT$$INIT_ARRAY$$Limit         

[93 symbols]
